{
  "name": "prepack-ci",
  "version": "3.0.6",
  "description": "templates cli",
  "license": "MIT",
  "author": {
    "name": "JW"
  },
  "type": "module",
  "files": [
    "lib",
    "assets"
  ],
  "engines": {
    "node": ">=12"
  },
  "bin": {
    "neo": "lib/neo.js"
  },
  "scripts": {
    "clean": "rimraf lib",
    "build": "pnpm run clean && ttsc",
    "jest": "node --experimental-vm-modules node_modules/jest/bin/jest.js",
    "test": "pnpm run build && jest",
    "prepublish": "pnpm run build",
    "release:beta": "pnpm run build && np --no-cleanup --yolo --no-publish --any-branch",
    "ci:publish": "pnpm run build && pnpx changeset publish",
    "ci:version": "pnpx changeset version",
    "ci:snapshot": "pnpx changeset version --snapshot beta",
    "ci:prerelease": "pnpx changeset publish --tag beta"
  },
  "publishConfig": {
    "access": "public"
  },
  "dependencies": {
    "chalk": "4.1.1",
    "commander": "8.0.0",
    "download": "8.0.0",
    "fs-extra": "10.0.0",
    "globby": "11.0.4",
    "inquirer": "8.1.2",
    "ora": "5.4.1",
    "read-pkg-up": "^8.0.0",
    "rimraf": "3.0.2",
    "terminal-image": "2.0.0",
    "tildify": "2.0.0",
    "tslib": "^2.3.0",
    "update-notifier": "^5.1.0"
  },
  "devDependencies": {
    "@changesets/cli": "^2.16.0",
    "@types/download": "8.0.1",
    "@types/fs-extra": "9.0.12",
    "@types/inquirer": "7.3.3",
    "@types/jest": "^27.0.2",
    "@types/node": "16.3.3",
    "@types/rimraf": "3.0.1",
    "@types/update-notifier": "^5.1.0",
    "builtin-modules": "3.2.0",
    "comparedir-test": "1.0.2",
    "cz-emoji": "^1.3.1",
    "enhanced-resolve": "^5.8.3",
    "execa": "^5.1.1",
    "husky": "3.0.2",
    "husky-init": "^7.0.0",
    "jest": "^27.2.5",
    "jest-node-exports-resolver": "^1.1.1",
    "np": "7.5.0",
    "prettier": "2.3.2",
    "pretty-quick": "3.1.1",
    "ts-jest": "^27.0.5",
    "ts-node": "10.1.0",
    "ttypescript": "^1.5.12",
    "typescript": "4.3.5",
    "typescript-transform-extensions": "^1.0.1"
  }
}
