name: Release
on:
  push:
    branches:
      - main
      - master
      - 'releases/*'

concurrency: ${{ github.workflow }}-${{ github.ref }}

env:
  CI: true
jobs:
  version:
    timeout-minutes: 15
    runs-on: ubuntu-latest
    permissions:
      contents: write
      packages: write
      pull-requests: write
    steps:
      - name: checkout code repository
        uses: actions/checkout@v2
        with:
          fetch-depth: 0
      - name: setup node.js
        uses: actions/setup-node@v2
        with:
          node-version: 14
      - name: install pnpm
        run: npm i pnpm@7.32.1 -g
      - name: install dependencies
        run: pnpm install --frozen-lockfile=false
      - name: create and publish versions
        uses: changesets/action@v1
        with:
          version: pnpm ci:version
          commit: "chore: update versions"
          title: "chore: update versions"
          publish: pnpm ci:publish
        env:
          GITHUB_TOKEN: ${{ secrets.GITHUB_TOKEN }}
          NPM_TOKEN: ${{ secrets.NPM_TOKEN }}