// Jest Snapshot v1, https://goo.gl/fbAQLP

exports[`lock file update preset should work 1`] = `
Object {
  "presets": Object {
    "neo": Object {
      "templates": Array [
        Object {
          "name": "@aiou/ts-lib-template",
        },
      ],
    },
  },
}
`;
