// Jest Snapshot v1, https://goo.gl/fbAQLP

exports[`command whoami should print neo 1`] = `
"    ___       ___       ___   
   /\\\\__\\\\     /\\\\  \\\\     /\\\\  \\\\  
  /:| _|_   /::\\\\  \\\\   /::\\\\  \\\\ 
 /::|/\\\\__\\\\ /::\\\\:\\\\__\\\\ /:/\\\\:\\\\__\\\\
 \\\\/|::/  / \\\\:\\\\:\\\\/  / \\\\:\\\\/:/  /
   |:/  /   \\\\:\\\\/  /   \\\\::/  / 
   \\\\/__/     \\\\/__/     \\\\/__/  

 ⎯⎯
 Homepage (​https://github.com/neo-hack/neo#readme​)"
`;
