// Vitest Snapshot v1

exports[`create > workflow should filtered by jobs 1`] = `
{
  "jobs": {
    "CI": {
      "name": "Setup ci workflow",
      "paths": "input/workflows/*",
      "steps": [
        {
          "name": "CI Workflows",
          "uses": "copy",
          "with": {
            "output": "output/workflows",
          },
        },
      ],
    },
  },
}
`;
