// Jest Snapshot v1, https://goo.gl/fbAQLP

exports[`command list config list configs should list all 1`] = `
"Found 1 configs:

neo
CI"
`;

exports[`command list config list configs should list filtered by preset 1`] = `
"Found 1 configs:

CI"
`;
