// Jest Snapshot v1, https://goo.gl/fbAQLP

exports[`load template from github should work 1`] = `
"templates:
  github.com/neo-hack/actions-template/dd4b6c410813dd331f46a964dd0d34cd7d59e4a7:
    name: '@aiou/actions-template'
    version: 0.2.0
    resolvedVia: git-repository
    id: >-
      github.com/neo-hack/actions-template/dd4b6c410813dd331f46a964dd0d34cd7d59e4a7
    pref: https://github.com/neo-hack/actions-template
"
`;
