// Jest Snapshot v1, https://goo.gl/fbAQLP

exports[`load template load template from github should work 1`] = `
Object {
  "templates": Object {
    "github.com/spring-catponents/actions-template/0e9198744a8fa6751ca5bdc8a21a9c1f22ed76b4": Object {
      "id": "github.com/spring-catponents/actions-template/0e9198744a8fa6751ca5bdc8a21a9c1f22ed76b4",
      "name": "@aiou/actions-template",
      "pref": "github:spring-catponents/actions-template",
      "resolvedVia": "git-repository",
      "version": "0.2.0",
    },
  },
}
`;

exports[`load template load template from npm should work 1`] = `
Object {
  "templates": Object {
    "registry.npmjs.org/@aiou/ts-lib-template/0.5.0": Object {
      "id": "registry.npmjs.org/@aiou/ts-lib-template/0.5.0",
      "name": "@aiou/ts-lib-template",
      "pref": "@aiou/ts-lib-template",
      "resolvedVia": "npm-registry",
      "version": "0.5.0",
    },
  },
}
`;
